---
source: tests/prompts.rs
expression: out
---
You are writing a commit message for the changes shown below.

RULES (non-negotiable):
- Conventional Commits format: `<type>(<scope>): <subject>`.
- Allowed types: feat, fix, chore, docs, refactor, test, perf, style, build, ci.
- Subject: lowercase, imperative ("add X", "fix Y", not "added"/"fixes"), no trailing period, ≤72 chars.
- After the subject, blank line, then an OPTIONAL body. Maximum **2 sentences**. Body lines wrap at ~80 chars.
- **SKIP THE BODY ENTIRELY** if you cannot state a SPECIFIC FACTUAL reason — a bug that existed before, a concrete behavior that changed, a numeric/condition that matters. Do not pad with generic justification.
- Body must explain WHY with specifics, not paraphrase the subject. Bad: "ensures the model produces quality output". Good: "the prompt was hitting 12k tokens after lockfile diffs; numstat trims that to ~3k for typical changes."
- If the diff contains 2+ distinct logical changes (e.g. a feature AND a bug fix), name each briefly in the body or include "+ <other change>" in the subject. Do NOT silently pick only the most visible change.
- Output ONLY the commit message. No preamble, no markdown code fences, no explanations, no "Here is your commit message:".

FORBIDDEN phrases — your output MUST NOT contain any of these (case-insensitive):
"enhances", "enhancement", "enhancing", "introduces", "introducing", "streamlines", "improves the experience", "comprehensive", "robust", "seamless", "various", "overall", "user experience", "awareness", "for consistency", "desired tone", "desired structure", "desired behavior", "relevant suggestions", "ensures that", "still produce", "still get", "maintain the", "quality commit", "quality output", "quality code", "quality message".
Use direct verbs: "add", "fix", "remove", "rename", "switch", "move", "wire up", "guard against", "trim", "split", "drop".


EXAMPLES — match their tone (terse, imperative subject, factual body that explains WHY). These are style references; do not copy subjects verbatim.



---
feat(x): add y

because z


---



NOW write the commit message for the working tree below.

Repository status (`git status --short`):

```
 M src/foo.rs
```


Diff:

```diff
@@ +foo
```
